// Vitest Snapshot v1, https://vitest.dev/guide/snapshot.html

exports[`encode7Bit > encodes data into 7-bit segments 1`] = `
[
  44,
  0,
  127,
  0,
  127,
  85,
  42,
  1,
  0,
  2,
]
`;
